[33m19 12 2016 21:29:12.854:WARN [karma]: [39mNo captured browser, open http://localhost:9876/
[32m19 12 2016 21:29:12.861:INFO [karma]: [39mKarma v1.3.0 server started at http://localhost:9876/
